Archive member included to satisfy reference by file (symbol)

c:/program files (x86)/atmel/studio/7.0/toolchain/avr8/avr8-gnu-toolchain/bin/../lib/gcc/avr/5.4.0/avr51\libgcc.a(_divmodhi4.o)
                              MCAL/TIMER0/TIMER_0_IMPLEMENTATION.o (__divmodhi4)
c:/program files (x86)/atmel/studio/7.0/toolchain/avr8/avr8-gnu-toolchain/bin/../lib/gcc/avr/5.4.0/avr51\libgcc.a(_exit.o)
                              c:/program files (x86)/atmel/studio/7.0/toolchain/avr8/avr8-gnu-toolchain/bin/../lib/gcc/avr/5.4.0/../../../../avr/lib/avr51/crtatmega128.o (exit)
c:/program files (x86)/atmel/studio/7.0/toolchain/avr8/avr8-gnu-toolchain/bin/../lib/gcc/avr/5.4.0/avr51\libgcc.a(_tablejump2.o)
                              MCAL/DIO/DIO_IMPELEMENTATION.o (__tablejump2__)
c:/program files (x86)/atmel/studio/7.0/toolchain/avr8/avr8-gnu-toolchain/bin/../lib/gcc/avr/5.4.0/avr51\libgcc.a(_clear_bss.o)
                              main.o (__do_clear_bss)
c:/program files (x86)/atmel/studio/7.0/toolchain/avr8/avr8-gnu-toolchain/bin/../lib/gcc/avr/5.4.0/avr51\libgcc.a(_umulhisi3.o)
                              MCAL/TIMER1/TIMER_1_IMPLEMENTATION.o (__umulhisi3)
c:/program files (x86)/atmel/studio/7.0/toolchain/avr8/avr8-gnu-toolchain/bin/../lib/gcc/avr/5.4.0/avr51\libgcc.a(_udivmodhi4.o)
                              c:/program files (x86)/atmel/studio/7.0/toolchain/avr8/avr8-gnu-toolchain/bin/../lib/gcc/avr/5.4.0/avr51\libgcc.a(_divmodhi4.o) (__udivmodhi4)

Allocating common symbols
Common symbol       size              file

COMPARE_MATCH_CTC_TIMER_2
                    0x4               MCAL/TIMER2/TIMER_2_IMPLEMENTATION.o
COMPARE_MATCH_CTC_TIMER_0
                    0x4               MCAL/TIMER0/TIMER_0_IMPLEMENTATION.o

Discarded input sections

 .data          0x00000000        0x0 c:/program files (x86)/atmel/studio/7.0/toolchain/avr8/avr8-gnu-toolchain/bin/../lib/gcc/avr/5.4.0/../../../../avr/lib/avr51/crtatmega128.o
 .bss           0x00000000        0x0 c:/program files (x86)/atmel/studio/7.0/toolchain/avr8/avr8-gnu-toolchain/bin/../lib/gcc/avr/5.4.0/../../../../avr/lib/avr51/crtatmega128.o
 .text          0x00000000        0x0 main.o
 .data          0x00000000        0x0 main.o
 .bss           0x00000000        0x0 main.o
 .text          0x00000000        0x0 MCAL/ADC/ADC_IMPLEMENTATION.o
 .data          0x00000000        0x0 MCAL/ADC/ADC_IMPLEMENTATION.o
 .bss           0x00000000        0x0 MCAL/ADC/ADC_IMPLEMENTATION.o
 .text.ADC_INIT
                0x00000000       0x14 MCAL/ADC/ADC_IMPLEMENTATION.o
 .text.ADC_READ_VALUE
                0x00000000       0x20 MCAL/ADC/ADC_IMPLEMENTATION.o
 .debug_info    0x00000000      0x24c MCAL/ADC/ADC_IMPLEMENTATION.o
 .debug_abbrev  0x00000000       0xb4 MCAL/ADC/ADC_IMPLEMENTATION.o
 .debug_loc     0x00000000       0x84 MCAL/ADC/ADC_IMPLEMENTATION.o
 .debug_aranges
                0x00000000       0x28 MCAL/ADC/ADC_IMPLEMENTATION.o
 .debug_ranges  0x00000000       0x18 MCAL/ADC/ADC_IMPLEMENTATION.o
 .debug_line    0x00000000       0xe8 MCAL/ADC/ADC_IMPLEMENTATION.o
 .debug_str     0x00000000      0x3ac MCAL/ADC/ADC_IMPLEMENTATION.o
 .comment       0x00000000       0x31 MCAL/ADC/ADC_IMPLEMENTATION.o
 .debug_frame   0x00000000       0x34 MCAL/ADC/ADC_IMPLEMENTATION.o
 .text          0x00000000        0x0 MCAL/DIO/DIO_IMPELEMENTATION.o
 .data          0x00000000        0x0 MCAL/DIO/DIO_IMPELEMENTATION.o
 .bss           0x00000000        0x0 MCAL/DIO/DIO_IMPELEMENTATION.o
 .text.DIO_SET_PORT_DIREC
                0x00000000       0x82 MCAL/DIO/DIO_IMPELEMENTATION.o
 .progmem.gcc_sw_table.DIO_SET_PORT_DIREC
                0x00000000       0x1c MCAL/DIO/DIO_IMPELEMENTATION.o
 .text.DIO_SET_PORT_VALUE
                0x00000000       0x32 MCAL/DIO/DIO_IMPELEMENTATION.o
 .progmem.gcc_sw_table.DIO_SET_PORT_VALUE
                0x00000000        0xe MCAL/DIO/DIO_IMPELEMENTATION.o
 .text.DIO_READ_PORT
                0x00000000       0x4c MCAL/DIO/DIO_IMPELEMENTATION.o
 .progmem.gcc_sw_table.DIO_READ_PORT
                0x00000000        0xe MCAL/DIO/DIO_IMPELEMENTATION.o
 .text.DIO_READ_PIN
                0x00000000       0xb0 MCAL/DIO/DIO_IMPELEMENTATION.o
 .progmem.gcc_sw_table.DIO_READ_PIN
                0x00000000        0xe MCAL/DIO/DIO_IMPELEMENTATION.o
 .text          0x00000000        0x0 MCAL/I2C/I2C_IMPLEMENTATION.o
 .data          0x00000000        0x0 MCAL/I2C/I2C_IMPLEMENTATION.o
 .bss           0x00000000        0x0 MCAL/I2C/I2C_IMPLEMENTATION.o
 .text.TWI_vInitMaster
                0x00000000       0x32 MCAL/I2C/I2C_IMPLEMENTATION.o
 .text.TWI_vSendStartCondition
                0x00000000       0x24 MCAL/I2C/I2C_IMPLEMENTATION.o
 .text.TWI_vSendRepStartCondition
                0x00000000       0x24 MCAL/I2C/I2C_IMPLEMENTATION.o
 .text.TWI_vSendStopCondition
                0x00000000       0x12 MCAL/I2C/I2C_IMPLEMENTATION.o
 .text.TWI_vSendSlaveAddressWithWrite
                0x00000000       0x3c MCAL/I2C/I2C_IMPLEMENTATION.o
 .text.TWI_vSendSlaveAddressWithRead
                0x00000000       0x3c MCAL/I2C/I2C_IMPLEMENTATION.o
 .text.TWI_vWriteMasterDataByte
                0x00000000       0x22 MCAL/I2C/I2C_IMPLEMENTATION.o
 .text.TWI_vReadMasterDataByte
                0x00000000       0x54 MCAL/I2C/I2C_IMPLEMENTATION.o
 .debug_info    0x00000000      0x1a9 MCAL/I2C/I2C_IMPLEMENTATION.o
 .debug_abbrev  0x00000000       0x87 MCAL/I2C/I2C_IMPLEMENTATION.o
 .debug_loc     0x00000000       0xd8 MCAL/I2C/I2C_IMPLEMENTATION.o
 .debug_aranges
                0x00000000       0x58 MCAL/I2C/I2C_IMPLEMENTATION.o
 .debug_ranges  0x00000000       0x48 MCAL/I2C/I2C_IMPLEMENTATION.o
 .debug_line    0x00000000      0x238 MCAL/I2C/I2C_IMPLEMENTATION.o
 .debug_str     0x00000000      0x2cd MCAL/I2C/I2C_IMPLEMENTATION.o
 .comment       0x00000000       0x31 MCAL/I2C/I2C_IMPLEMENTATION.o
 .debug_frame   0x00000000       0x94 MCAL/I2C/I2C_IMPLEMENTATION.o
 .text          0x00000000        0x0 MCAL/ICU/ICU_IMPLEMENTATION.o
 .data          0x00000000        0x0 MCAL/ICU/ICU_IMPLEMENTATION.o
 .bss           0x00000000        0x0 MCAL/ICU/ICU_IMPLEMENTATION.o
 .text.MICU_enInit
                0x00000000       0x7c MCAL/ICU/ICU_IMPLEMENTATION.o
 .text.MICU_enEdgeSelect
                0x00000000       0x54 MCAL/ICU/ICU_IMPLEMENTATION.o
 .text.MICU_enInterruptEnable
                0x00000000       0x24 MCAL/ICU/ICU_IMPLEMENTATION.o
 .text.MICU_enInterruptDisable
                0x00000000       0x24 MCAL/ICU/ICU_IMPLEMENTATION.o
 .text.MICU_enReadICR
                0x00000000       0x36 MCAL/ICU/ICU_IMPLEMENTATION.o
 .text.MICU_enSetCallBack
                0x00000000       0x2c MCAL/ICU/ICU_IMPLEMENTATION.o
 .text          0x00000000        0x0 MCAL/INTERRUPT/INTERRUPT_IMPLEMENTATION.o
 .data          0x00000000        0x0 MCAL/INTERRUPT/INTERRUPT_IMPLEMENTATION.o
 .bss           0x00000000        0x0 MCAL/INTERRUPT/INTERRUPT_IMPLEMENTATION.o
 .text.INT0_vect
                0x00000000       0x5a MCAL/INTERRUPT/INTERRUPT_IMPLEMENTATION.o
 .text.INT1_vect
                0x00000000       0x5a MCAL/INTERRUPT/INTERRUPT_IMPLEMENTATION.o
 .text.INT2_vect
                0x00000000       0x5a MCAL/INTERRUPT/INTERRUPT_IMPLEMENTATION.o
 .text.INT3_vect
                0x00000000       0x5a MCAL/INTERRUPT/INTERRUPT_IMPLEMENTATION.o
 .text.INT4_vect
                0x00000000       0x5a MCAL/INTERRUPT/INTERRUPT_IMPLEMENTATION.o
 .text.INT5_vect
                0x00000000       0x5a MCAL/INTERRUPT/INTERRUPT_IMPLEMENTATION.o
 .text.INT6_vect
                0x00000000       0x5a MCAL/INTERRUPT/INTERRUPT_IMPLEMENTATION.o
 .text.INT7_vect
                0x00000000       0x5a MCAL/INTERRUPT/INTERRUPT_IMPLEMENTATION.o
 .text.MEXTI_enEnable
                0x00000000       0xfc MCAL/INTERRUPT/INTERRUPT_IMPLEMENTATION.o
 .progmem.gcc_sw_table.MEXTI_enEnable
                0x00000000       0x10 MCAL/INTERRUPT/INTERRUPT_IMPLEMENTATION.o
 .text.MEXTI_enDisable
                0x00000000       0x1a MCAL/INTERRUPT/INTERRUPT_IMPLEMENTATION.o
 .text.MEXTI_enSetCallBack
                0x00000000       0x80 MCAL/INTERRUPT/INTERRUPT_IMPLEMENTATION.o
 .progmem.gcc_sw_table.MEXTI_enSetCallBack
                0x00000000       0x10 MCAL/INTERRUPT/INTERRUPT_IMPLEMENTATION.o
 .bss.MEXTI_voidISR
                0x00000000       0x10 MCAL/INTERRUPT/INTERRUPT_IMPLEMENTATION.o
 .debug_info    0x00000000      0x2d9 MCAL/INTERRUPT/INTERRUPT_IMPLEMENTATION.o
 .debug_abbrev  0x00000000       0xd8 MCAL/INTERRUPT/INTERRUPT_IMPLEMENTATION.o
 .debug_loc     0x00000000      0x8b6 MCAL/INTERRUPT/INTERRUPT_IMPLEMENTATION.o
 .debug_aranges
                0x00000000       0x70 MCAL/INTERRUPT/INTERRUPT_IMPLEMENTATION.o
 .debug_ranges  0x00000000       0x60 MCAL/INTERRUPT/INTERRUPT_IMPLEMENTATION.o
 .debug_line    0x00000000      0x35d MCAL/INTERRUPT/INTERRUPT_IMPLEMENTATION.o
 .debug_str     0x00000000      0x344 MCAL/INTERRUPT/INTERRUPT_IMPLEMENTATION.o
 .comment       0x00000000       0x31 MCAL/INTERRUPT/INTERRUPT_IMPLEMENTATION.o
 .debug_frame   0x00000000      0x304 MCAL/INTERRUPT/INTERRUPT_IMPLEMENTATION.o
 .text          0x00000000        0x0 MCAL/SPI/SPI_IMPLEMENTATION.o
 .data          0x00000000        0x0 MCAL/SPI/SPI_IMPLEMENTATION.o
 .bss           0x00000000        0x0 MCAL/SPI/SPI_IMPLEMENTATION.o
 .text.SPI_INT  0x00000000       0x42 MCAL/SPI/SPI_IMPLEMENTATION.o
 .text.SPI_MASTER_PRE_SCALLER
                0x00000000       0x14 MCAL/SPI/SPI_IMPLEMENTATION.o
 .text.SPI_MASTER_TRANS_START
                0x00000000        0xc MCAL/SPI/SPI_IMPLEMENTATION.o
 .text.SPI_MASTER_TRANS_STOP
                0x00000000        0xc MCAL/SPI/SPI_IMPLEMENTATION.o
 .text.SPI_SNED_RECEIVE
                0x00000000        0x6 MCAL/SPI/SPI_IMPLEMENTATION.o
 .debug_info    0x00000000      0x288 MCAL/SPI/SPI_IMPLEMENTATION.o
 .debug_abbrev  0x00000000       0xe8 MCAL/SPI/SPI_IMPLEMENTATION.o
 .debug_loc     0x00000000       0x3e MCAL/SPI/SPI_IMPLEMENTATION.o
 .debug_aranges
                0x00000000       0x40 MCAL/SPI/SPI_IMPLEMENTATION.o
 .debug_ranges  0x00000000       0x30 MCAL/SPI/SPI_IMPLEMENTATION.o
 .debug_line    0x00000000      0x137 MCAL/SPI/SPI_IMPLEMENTATION.o
 .debug_str     0x00000000      0x2ef MCAL/SPI/SPI_IMPLEMENTATION.o
 .comment       0x00000000       0x31 MCAL/SPI/SPI_IMPLEMENTATION.o
 .debug_frame   0x00000000       0x64 MCAL/SPI/SPI_IMPLEMENTATION.o
 .text          0x00000000        0x0 MCAL/TIMER0/TIMER_0_IMPLEMENTATION.o
 .data          0x00000000        0x0 MCAL/TIMER0/TIMER_0_IMPLEMENTATION.o
 .bss           0x00000000        0x0 MCAL/TIMER0/TIMER_0_IMPLEMENTATION.o
 .text.TIMER_0_INT
                0x00000000       0x34 MCAL/TIMER0/TIMER_0_IMPLEMENTATION.o
 .text.TIMER_0_START
                0x00000000       0x14 MCAL/TIMER0/TIMER_0_IMPLEMENTATION.o
 .text.TIMER_0_STOP
                0x00000000       0x14 MCAL/TIMER0/TIMER_0_IMPLEMENTATION.o
 .text.TIMER_0_SET_TIME
                0x00000000        0x2 MCAL/TIMER0/TIMER_0_IMPLEMENTATION.o
 .text.TIMER_0_SET_DUTY_CYCLE
                0x00000000       0x12 MCAL/TIMER0/TIMER_0_IMPLEMENTATION.o
 .text.TIMER_0_DUTY_CYCLE_START
                0x00000000       0x14 MCAL/TIMER0/TIMER_0_IMPLEMENTATION.o
 .text          0x00000000        0x0 MCAL/TIMER1/TIMER_1_IMPLEMENTATION.o
 .data          0x00000000        0x0 MCAL/TIMER1/TIMER_1_IMPLEMENTATION.o
 .bss           0x00000000        0x0 MCAL/TIMER1/TIMER_1_IMPLEMENTATION.o
 .text.TIMER_1_INT
                0x00000000       0x46 MCAL/TIMER1/TIMER_1_IMPLEMENTATION.o
 .text.TIMER_1_START
                0x00000000       0x14 MCAL/TIMER1/TIMER_1_IMPLEMENTATION.o
 .text.TIMER_1_STOP
                0x00000000       0x14 MCAL/TIMER1/TIMER_1_IMPLEMENTATION.o
 .text.TIMER_1_SET_TIME
                0x00000000        0x2 MCAL/TIMER1/TIMER_1_IMPLEMENTATION.o
 .text.TIMER_1_SET_DUTY_CYCLE
                0x00000000       0x36 MCAL/TIMER1/TIMER_1_IMPLEMENTATION.o
 .text.TIMER_1_DUTY_CYCLE_START
                0x00000000       0x14 MCAL/TIMER1/TIMER_1_IMPLEMENTATION.o
 .text          0x00000000        0x0 MCAL/TIMER2/TIMER_2_IMPLEMENTATION.o
 .data          0x00000000        0x0 MCAL/TIMER2/TIMER_2_IMPLEMENTATION.o
 .bss           0x00000000        0x0 MCAL/TIMER2/TIMER_2_IMPLEMENTATION.o
 .text.TIMER_2_INT
                0x00000000       0x34 MCAL/TIMER2/TIMER_2_IMPLEMENTATION.o
 .text.TIMER_2_START
                0x00000000       0x14 MCAL/TIMER2/TIMER_2_IMPLEMENTATION.o
 .text.TIMER_2_STOP
                0x00000000       0x14 MCAL/TIMER2/TIMER_2_IMPLEMENTATION.o
 .text.TIMER_2_SET_TIME
                0x00000000        0x2 MCAL/TIMER2/TIMER_2_IMPLEMENTATION.o
 .text.TIMER_2_SET_DUTY_CYCLE
                0x00000000       0x12 MCAL/TIMER2/TIMER_2_IMPLEMENTATION.o
 .text.TIMER_2_DUTY_CYCLE_START
                0x00000000       0x14 MCAL/TIMER2/TIMER_2_IMPLEMENTATION.o
 .text          0x00000000        0x0 MCAL/TIMER3/TIMER_3_IMPLEMENTATION.o
 .data          0x00000000        0x0 MCAL/TIMER3/TIMER_3_IMPLEMENTATION.o
 .bss           0x00000000        0x0 MCAL/TIMER3/TIMER_3_IMPLEMENTATION.o
 .text.TIMER_3_START
                0x00000000       0x18 MCAL/TIMER3/TIMER_3_IMPLEMENTATION.o
 .text.TIMER_3_STOP
                0x00000000       0x18 MCAL/TIMER3/TIMER_3_IMPLEMENTATION.o
 .text.TIMER_3_SET_TIME
                0x00000000        0x2 MCAL/TIMER3/TIMER_3_IMPLEMENTATION.o
 .text          0x00000000        0x0 c:/program files (x86)/atmel/studio/7.0/toolchain/avr8/avr8-gnu-toolchain/bin/../lib/gcc/avr/5.4.0/avr51\libgcc.a(_divmodhi4.o)
 .data          0x00000000        0x0 c:/program files (x86)/atmel/studio/7.0/toolchain/avr8/avr8-gnu-toolchain/bin/../lib/gcc/avr/5.4.0/avr51\libgcc.a(_divmodhi4.o)
 .bss           0x00000000        0x0 c:/program files (x86)/atmel/studio/7.0/toolchain/avr8/avr8-gnu-toolchain/bin/../lib/gcc/avr/5.4.0/avr51\libgcc.a(_divmodhi4.o)
 .text.libgcc.mul
                0x00000000        0x0 c:/program files (x86)/atmel/studio/7.0/toolchain/avr8/avr8-gnu-toolchain/bin/../lib/gcc/avr/5.4.0/avr51\libgcc.a(_divmodhi4.o)
 .text.libgcc.div
                0x00000000       0x28 c:/program files (x86)/atmel/studio/7.0/toolchain/avr8/avr8-gnu-toolchain/bin/../lib/gcc/avr/5.4.0/avr51\libgcc.a(_divmodhi4.o)
 .text.libgcc   0x00000000        0x0 c:/program files (x86)/atmel/studio/7.0/toolchain/avr8/avr8-gnu-toolchain/bin/../lib/gcc/avr/5.4.0/avr51\libgcc.a(_divmodhi4.o)
 .text.libgcc.prologue
                0x00000000        0x0 c:/program files (x86)/atmel/studio/7.0/toolchain/avr8/avr8-gnu-toolchain/bin/../lib/gcc/avr/5.4.0/avr51\libgcc.a(_divmodhi4.o)
 .text.libgcc.builtins
                0x00000000        0x0 c:/program files (x86)/atmel/studio/7.0/toolchain/avr8/avr8-gnu-toolchain/bin/../lib/gcc/avr/5.4.0/avr51\libgcc.a(_divmodhi4.o)
 .text.libgcc.fmul
                0x00000000        0x0 c:/program files (x86)/atmel/studio/7.0/toolchain/avr8/avr8-gnu-toolchain/bin/../lib/gcc/avr/5.4.0/avr51\libgcc.a(_divmodhi4.o)
 .text.libgcc.fixed
                0x00000000        0x0 c:/program files (x86)/atmel/studio/7.0/toolchain/avr8/avr8-gnu-toolchain/bin/../lib/gcc/avr/5.4.0/avr51\libgcc.a(_divmodhi4.o)
 .text          0x00000000        0x0 c:/program files (x86)/atmel/studio/7.0/toolchain/avr8/avr8-gnu-toolchain/bin/../lib/gcc/avr/5.4.0/avr51\libgcc.a(_exit.o)
 .data          0x00000000        0x0 c:/program files (x86)/atmel/studio/7.0/toolchain/avr8/avr8-gnu-toolchain/bin/../lib/gcc/avr/5.4.0/avr51\libgcc.a(_exit.o)
 .bss           0x00000000        0x0 c:/program files (x86)/atmel/studio/7.0/toolchain/avr8/avr8-gnu-toolchain/bin/../lib/gcc/avr/5.4.0/avr51\libgcc.a(_exit.o)
 .text.libgcc.mul
                0x00000000        0x0 c:/program files (x86)/atmel/studio/7.0/toolchain/avr8/avr8-gnu-toolchain/bin/../lib/gcc/avr/5.4.0/avr51\libgcc.a(_exit.o)
 .text.libgcc.div
                0x00000000        0x0 c:/program files (x86)/atmel/studio/7.0/toolchain/avr8/avr8-gnu-toolchain/bin/../lib/gcc/avr/5.4.0/avr51\libgcc.a(_exit.o)
 .text.libgcc   0x00000000        0x0 c:/program files (x86)/atmel/studio/7.0/toolchain/avr8/avr8-gnu-toolchain/bin/../lib/gcc/avr/5.4.0/avr51\libgcc.a(_exit.o)
 .text.libgcc.prologue
                0x00000000        0x0 c:/program files (x86)/atmel/studio/7.0/toolchain/avr8/avr8-gnu-toolchain/bin/../lib/gcc/avr/5.4.0/avr51\libgcc.a(_exit.o)
 .text.libgcc.builtins
                0x00000000        0x0 c:/program files (x86)/atmel/studio/7.0/toolchain/avr8/avr8-gnu-toolchain/bin/../lib/gcc/avr/5.4.0/avr51\libgcc.a(_exit.o)
 .text.libgcc.fmul
                0x00000000        0x0 c:/program files (x86)/atmel/studio/7.0/toolchain/avr8/avr8-gnu-toolchain/bin/../lib/gcc/avr/5.4.0/avr51\libgcc.a(_exit.o)
 .text.libgcc.fixed
                0x00000000        0x0 c:/program files (x86)/atmel/studio/7.0/toolchain/avr8/avr8-gnu-toolchain/bin/../lib/gcc/avr/5.4.0/avr51\libgcc.a(_exit.o)
 .text          0x00000000        0x0 c:/program files (x86)/atmel/studio/7.0/toolchain/avr8/avr8-gnu-toolchain/bin/../lib/gcc/avr/5.4.0/avr51\libgcc.a(_tablejump2.o)
 .data          0x00000000        0x0 c:/program files (x86)/atmel/studio/7.0/toolchain/avr8/avr8-gnu-toolchain/bin/../lib/gcc/avr/5.4.0/avr51\libgcc.a(_tablejump2.o)
 .bss           0x00000000        0x0 c:/program files (x86)/atmel/studio/7.0/toolchain/avr8/avr8-gnu-toolchain/bin/../lib/gcc/avr/5.4.0/avr51\libgcc.a(_tablejump2.o)
 .text.libgcc.mul
                0x00000000        0x0 c:/program files (x86)/atmel/studio/7.0/toolchain/avr8/avr8-gnu-toolchain/bin/../lib/gcc/avr/5.4.0/avr51\libgcc.a(_tablejump2.o)
 .text.libgcc.div
                0x00000000        0x0 c:/program files (x86)/atmel/studio/7.0/toolchain/avr8/avr8-gnu-toolchain/bin/../lib/gcc/avr/5.4.0/avr51\libgcc.a(_tablejump2.o)
 .text.libgcc.prologue
                0x00000000        0x0 c:/program files (x86)/atmel/studio/7.0/toolchain/avr8/avr8-gnu-toolchain/bin/../lib/gcc/avr/5.4.0/avr51\libgcc.a(_tablejump2.o)
 .text.libgcc.builtins
                0x00000000        0x0 c:/program files (x86)/atmel/studio/7.0/toolchain/avr8/avr8-gnu-toolchain/bin/../lib/gcc/avr/5.4.0/avr51\libgcc.a(_tablejump2.o)
 .text.libgcc.fmul
                0x00000000        0x0 c:/program files (x86)/atmel/studio/7.0/toolchain/avr8/avr8-gnu-toolchain/bin/../lib/gcc/avr/5.4.0/avr51\libgcc.a(_tablejump2.o)
 .text.libgcc.fixed
                0x00000000        0x0 c:/program files (x86)/atmel/studio/7.0/toolchain/avr8/avr8-gnu-toolchain/bin/../lib/gcc/avr/5.4.0/avr51\libgcc.a(_tablejump2.o)
 .text          0x00000000        0x0 c:/program files (x86)/atmel/studio/7.0/toolchain/avr8/avr8-gnu-toolchain/bin/../lib/gcc/avr/5.4.0/avr51\libgcc.a(_clear_bss.o)
 .data          0x00000000        0x0 c:/program files (x86)/atmel/studio/7.0/toolchain/avr8/avr8-gnu-toolchain/bin/../lib/gcc/avr/5.4.0/avr51\libgcc.a(_clear_bss.o)
 .bss           0x00000000        0x0 c:/program files (x86)/atmel/studio/7.0/toolchain/avr8/avr8-gnu-toolchain/bin/../lib/gcc/avr/5.4.0/avr51\libgcc.a(_clear_bss.o)
 .text.libgcc.mul
                0x00000000        0x0 c:/program files (x86)/atmel/studio/7.0/toolchain/avr8/avr8-gnu-toolchain/bin/../lib/gcc/avr/5.4.0/avr51\libgcc.a(_clear_bss.o)
 .text.libgcc.div
                0x00000000        0x0 c:/program files (x86)/atmel/studio/7.0/toolchain/avr8/avr8-gnu-toolchain/bin/../lib/gcc/avr/5.4.0/avr51\libgcc.a(_clear_bss.o)
 .text.libgcc   0x00000000        0x0 c:/program files (x86)/atmel/studio/7.0/toolchain/avr8/avr8-gnu-toolchain/bin/../lib/gcc/avr/5.4.0/avr51\libgcc.a(_clear_bss.o)
 .text.libgcc.prologue
                0x00000000        0x0 c:/program files (x86)/atmel/studio/7.0/toolchain/avr8/avr8-gnu-toolchain/bin/../lib/gcc/avr/5.4.0/avr51\libgcc.a(_clear_bss.o)
 .text.libgcc.builtins
                0x00000000        0x0 c:/program files (x86)/atmel/studio/7.0/toolchain/avr8/avr8-gnu-toolchain/bin/../lib/gcc/avr/5.4.0/avr51\libgcc.a(_clear_bss.o)
 .text.libgcc.fmul
                0x00000000        0x0 c:/program files (x86)/atmel/studio/7.0/toolchain/avr8/avr8-gnu-toolchain/bin/../lib/gcc/avr/5.4.0/avr51\libgcc.a(_clear_bss.o)
 .text.libgcc.fixed
                0x00000000        0x0 c:/program files (x86)/atmel/studio/7.0/toolchain/avr8/avr8-gnu-toolchain/bin/../lib/gcc/avr/5.4.0/avr51\libgcc.a(_clear_bss.o)
 .text          0x00000000        0x0 c:/program files (x86)/atmel/studio/7.0/toolchain/avr8/avr8-gnu-toolchain/bin/../lib/gcc/avr/5.4.0/avr51\libgcc.a(_umulhisi3.o)
 .data          0x00000000        0x0 c:/program files (x86)/atmel/studio/7.0/toolchain/avr8/avr8-gnu-toolchain/bin/../lib/gcc/avr/5.4.0/avr51\libgcc.a(_umulhisi3.o)
 .bss           0x00000000        0x0 c:/program files (x86)/atmel/studio/7.0/toolchain/avr8/avr8-gnu-toolchain/bin/../lib/gcc/avr/5.4.0/avr51\libgcc.a(_umulhisi3.o)
 .text.libgcc.div
                0x00000000        0x0 c:/program files (x86)/atmel/studio/7.0/toolchain/avr8/avr8-gnu-toolchain/bin/../lib/gcc/avr/5.4.0/avr51\libgcc.a(_umulhisi3.o)
 .text.libgcc   0x00000000        0x0 c:/program files (x86)/atmel/studio/7.0/toolchain/avr8/avr8-gnu-toolchain/bin/../lib/gcc/avr/5.4.0/avr51\libgcc.a(_umulhisi3.o)
 .text.libgcc.prologue
                0x00000000        0x0 c:/program files (x86)/atmel/studio/7.0/toolchain/avr8/avr8-gnu-toolchain/bin/../lib/gcc/avr/5.4.0/avr51\libgcc.a(_umulhisi3.o)
 .text.libgcc.builtins
                0x00000000        0x0 c:/program files (x86)/atmel/studio/7.0/toolchain/avr8/avr8-gnu-toolchain/bin/../lib/gcc/avr/5.4.0/avr51\libgcc.a(_umulhisi3.o)
 .text.libgcc.fmul
                0x00000000        0x0 c:/program files (x86)/atmel/studio/7.0/toolchain/avr8/avr8-gnu-toolchain/bin/../lib/gcc/avr/5.4.0/avr51\libgcc.a(_umulhisi3.o)
 .text.libgcc.fixed
                0x00000000        0x0 c:/program files (x86)/atmel/studio/7.0/toolchain/avr8/avr8-gnu-toolchain/bin/../lib/gcc/avr/5.4.0/avr51\libgcc.a(_umulhisi3.o)
 .text          0x00000000        0x0 c:/program files (x86)/atmel/studio/7.0/toolchain/avr8/avr8-gnu-toolchain/bin/../lib/gcc/avr/5.4.0/avr51\libgcc.a(_udivmodhi4.o)
 .data          0x00000000        0x0 c:/program files (x86)/atmel/studio/7.0/toolchain/avr8/avr8-gnu-toolchain/bin/../lib/gcc/avr/5.4.0/avr51\libgcc.a(_udivmodhi4.o)
 .bss           0x00000000        0x0 c:/program files (x86)/atmel/studio/7.0/toolchain/avr8/avr8-gnu-toolchain/bin/../lib/gcc/avr/5.4.0/avr51\libgcc.a(_udivmodhi4.o)
 .text.libgcc.mul
                0x00000000        0x0 c:/program files (x86)/atmel/studio/7.0/toolchain/avr8/avr8-gnu-toolchain/bin/../lib/gcc/avr/5.4.0/avr51\libgcc.a(_udivmodhi4.o)
 .text.libgcc.div
                0x00000000       0x28 c:/program files (x86)/atmel/studio/7.0/toolchain/avr8/avr8-gnu-toolchain/bin/../lib/gcc/avr/5.4.0/avr51\libgcc.a(_udivmodhi4.o)
 .text.libgcc   0x00000000        0x0 c:/program files (x86)/atmel/studio/7.0/toolchain/avr8/avr8-gnu-toolchain/bin/../lib/gcc/avr/5.4.0/avr51\libgcc.a(_udivmodhi4.o)
 .text.libgcc.prologue
                0x00000000        0x0 c:/program files (x86)/atmel/studio/7.0/toolchain/avr8/avr8-gnu-toolchain/bin/../lib/gcc/avr/5.4.0/avr51\libgcc.a(_udivmodhi4.o)
 .text.libgcc.builtins
                0x00000000        0x0 c:/program files (x86)/atmel/studio/7.0/toolchain/avr8/avr8-gnu-toolchain/bin/../lib/gcc/avr/5.4.0/avr51\libgcc.a(_udivmodhi4.o)
 .text.libgcc.fmul
                0x00000000        0x0 c:/program files (x86)/atmel/studio/7.0/toolchain/avr8/avr8-gnu-toolchain/bin/../lib/gcc/avr/5.4.0/avr51\libgcc.a(_udivmodhi4.o)
 .text.libgcc.fixed
                0x00000000        0x0 c:/program files (x86)/atmel/studio/7.0/toolchain/avr8/avr8-gnu-toolchain/bin/../lib/gcc/avr/5.4.0/avr51\libgcc.a(_udivmodhi4.o)

Memory Configuration

Name             Origin             Length             Attributes
text             0x00000000         0x00020000         xr
data             0x00800100         0x00001000         rw !x
eeprom           0x00810000         0x00001000         rw !x
fuse             0x00820000         0x00000003         rw !x
lock             0x00830000         0x00000400         rw !x
signature        0x00840000         0x00000400         rw !x
user_signatures  0x00850000         0x00000400         rw !x
*default*        0x00000000         0xffffffff

Linker script and memory map

Address of section .data set to 0x800100
LOAD c:/program files (x86)/atmel/studio/7.0/toolchain/avr8/avr8-gnu-toolchain/bin/../lib/gcc/avr/5.4.0/../../../../avr/lib/avr51/crtatmega128.o
LOAD main.o
LOAD MCAL/ADC/ADC_IMPLEMENTATION.o
LOAD MCAL/DIO/DIO_IMPELEMENTATION.o
LOAD MCAL/I2C/I2C_IMPLEMENTATION.o
LOAD MCAL/ICU/ICU_IMPLEMENTATION.o
LOAD MCAL/INTERRUPT/INTERRUPT_IMPLEMENTATION.o
LOAD MCAL/SPI/SPI_IMPLEMENTATION.o
LOAD MCAL/TIMER0/TIMER_0_IMPLEMENTATION.o
LOAD MCAL/TIMER1/TIMER_1_IMPLEMENTATION.o
LOAD MCAL/TIMER2/TIMER_2_IMPLEMENTATION.o
LOAD MCAL/TIMER3/TIMER_3_IMPLEMENTATION.o
START GROUP
LOAD c:/program files (x86)/atmel/studio/7.0/toolchain/avr8/avr8-gnu-toolchain/bin/../lib/gcc/avr/5.4.0/../../../../avr/lib/avr51\libm.a
END GROUP
START GROUP
LOAD c:/program files (x86)/atmel/studio/7.0/toolchain/avr8/avr8-gnu-toolchain/bin/../lib/gcc/avr/5.4.0/avr51\libgcc.a
LOAD c:/program files (x86)/atmel/studio/7.0/toolchain/avr8/avr8-gnu-toolchain/bin/../lib/gcc/avr/5.4.0/../../../../avr/lib/avr51\libm.a
LOAD c:/program files (x86)/atmel/studio/7.0/toolchain/avr8/avr8-gnu-toolchain/bin/../lib/gcc/avr/5.4.0/../../../../avr/lib/avr51\libc.a
LOAD c:/program files (x86)/atmel/studio/7.0/toolchain/avr8/avr8-gnu-toolchain/bin/../lib/gcc/avr/5.4.0/../../../../avr/lib/avr51\libatmega128.a
END GROUP
                0x00000000                __TEXT_REGION_ORIGIN__ = DEFINED (__TEXT_REGION_ORIGIN__)?__TEXT_REGION_ORIGIN__:0x0
                [0x00800100]                __DATA_REGION_ORIGIN__ = DEFINED (__DATA_REGION_ORIGIN__)?__DATA_REGION_ORIGIN__:0x800100
                [0x00020000]                __TEXT_REGION_LENGTH__ = DEFINED (__TEXT_REGION_LENGTH__)?__TEXT_REGION_LENGTH__:0x20000
                [0x00001000]                __DATA_REGION_LENGTH__ = DEFINED (__DATA_REGION_LENGTH__)?__DATA_REGION_LENGTH__:0xff00
                [0x00001000]                __EEPROM_REGION_LENGTH__ = DEFINED (__EEPROM_REGION_LENGTH__)?__EEPROM_REGION_LENGTH__:0x10000
                [0x00000003]                __FUSE_REGION_LENGTH__ = DEFINED (__FUSE_REGION_LENGTH__)?__FUSE_REGION_LENGTH__:0x400
                0x00000400                __LOCK_REGION_LENGTH__ = DEFINED (__LOCK_REGION_LENGTH__)?__LOCK_REGION_LENGTH__:0x400
                0x00000400                __SIGNATURE_REGION_LENGTH__ = DEFINED (__SIGNATURE_REGION_LENGTH__)?__SIGNATURE_REGION_LENGTH__:0x400
                0x00000400                __USER_SIGNATURE_REGION_LENGTH__ = DEFINED (__USER_SIGNATURE_REGION_LENGTH__)?__USER_SIGNATURE_REGION_LENGTH__:0x400

.hash
 *(.hash)

.dynsym
 *(.dynsym)

.dynstr
 *(.dynstr)

.gnu.version
 *(.gnu.version)

.gnu.version_d
 *(.gnu.version_d)

.gnu.version_r
 *(.gnu.version_r)

.rel.init
 *(.rel.init)

.rela.init
 *(.rela.init)

.rel.text
 *(.rel.text)
 *(.rel.text.*)
 *(.rel.gnu.linkonce.t*)

.rela.text
 *(.rela.text)
 *(.rela.text.*)
 *(.rela.gnu.linkonce.t*)

.rel.fini
 *(.rel.fini)

.rela.fini
 *(.rela.fini)

.rel.rodata
 *(.rel.rodata)
 *(.rel.rodata.*)
 *(.rel.gnu.linkonce.r*)

.rela.rodata
 *(.rela.rodata)
 *(.rela.rodata.*)
 *(.rela.gnu.linkonce.r*)

.rel.data
 *(.rel.data)
 *(.rel.data.*)
 *(.rel.gnu.linkonce.d*)

.rela.data
 *(.rela.data)
 *(.rela.data.*)
 *(.rela.gnu.linkonce.d*)

.rel.ctors
 *(.rel.ctors)

.rela.ctors
 *(.rela.ctors)

.rel.dtors
 *(.rel.dtors)

.rela.dtors
 *(.rela.dtors)

.rel.got
 *(.rel.got)

.rela.got
 *(.rela.got)

.rel.bss
 *(.rel.bss)

.rela.bss
 *(.rela.bss)

.rel.plt
 *(.rel.plt)

.rela.plt
 *(.rela.plt)

.text           0x00000000      0xbd6
 *(.vectors)
 .vectors       0x00000000       0x8c c:/program files (x86)/atmel/studio/7.0/toolchain/avr8/avr8-gnu-toolchain/bin/../lib/gcc/avr/5.4.0/../../../../avr/lib/avr51/crtatmega128.o
                0x00000000                __vector_default
                0x00000000                __vectors
 *(.vectors)
 *(.progmem.gcc*)
 .progmem.gcc_sw_table.DIO_SET_PIN_DIREC
                0x0000008c       0x1c MCAL/DIO/DIO_IMPELEMENTATION.o
 .progmem.gcc_sw_table.DIO_SET_PIN_VALUE
                0x000000a8        0xe MCAL/DIO/DIO_IMPELEMENTATION.o
 .progmem.gcc_sw_table.DIO_TOOGLE_PIN
                0x000000b6        0xe MCAL/DIO/DIO_IMPELEMENTATION.o
                0x000000c4                . = ALIGN (0x2)
                0x000000c4                __trampolines_start = .
 *(.trampolines)
 .trampolines   0x000000c4        0x0 linker stubs
 *(.trampolines*)
                0x000000c4                __trampolines_end = .
 *libprintf_flt.a:*(.progmem.data)
 *libc.a:*(.progmem.data)
 *(.progmem*)
                0x000000c4                . = ALIGN (0x2)
 *(.jumptables)
 *(.jumptables*)
 *(.lowtext)
 *(.lowtext*)
                0x000000c4                __ctors_start = .
 *(.ctors)
                0x000000c4                __ctors_end = .
                0x000000c4                __dtors_start = .
 *(.dtors)
                0x000000c4                __dtors_end = .
 SORT(*)(.ctors)
 SORT(*)(.dtors)
 *(.init0)
 .init0         0x000000c4        0x0 c:/program files (x86)/atmel/studio/7.0/toolchain/avr8/avr8-gnu-toolchain/bin/../lib/gcc/avr/5.4.0/../../../../avr/lib/avr51/crtatmega128.o
                0x000000c4                __init
 *(.init0)
 *(.init1)
 *(.init1)
 *(.init2)
 .init2         0x000000c4        0xc c:/program files (x86)/atmel/studio/7.0/toolchain/avr8/avr8-gnu-toolchain/bin/../lib/gcc/avr/5.4.0/../../../../avr/lib/avr51/crtatmega128.o
 *(.init2)
 *(.init3)
 *(.init3)
 *(.init4)
 .init4         0x000000d0       0x10 c:/program files (x86)/atmel/studio/7.0/toolchain/avr8/avr8-gnu-toolchain/bin/../lib/gcc/avr/5.4.0/avr51\libgcc.a(_clear_bss.o)
                0x000000d0                __do_clear_bss
 *(.init4)
 *(.init5)
 *(.init5)
 *(.init6)
 *(.init6)
 *(.init7)
 *(.init7)
 *(.init8)
 *(.init8)
 *(.init9)
 .init9         0x000000e0        0x4 c:/program files (x86)/atmel/studio/7.0/toolchain/avr8/avr8-gnu-toolchain/bin/../lib/gcc/avr/5.4.0/../../../../avr/lib/avr51/crtatmega128.o
 *(.init9)
 *(.text)
 .text          0x000000e4        0x2 c:/program files (x86)/atmel/studio/7.0/toolchain/avr8/avr8-gnu-toolchain/bin/../lib/gcc/avr/5.4.0/../../../../avr/lib/avr51/crtatmega128.o
                0x000000e4                __vector_22
                0x000000e4                __vector_28
                0x000000e4                __vector_1
                0x000000e4                __vector_32
                0x000000e4                __vector_34
                0x000000e4                __vector_24
                0x000000e4                __bad_interrupt
                0x000000e4                __vector_6
                0x000000e4                __vector_31
                0x000000e4                __vector_3
                0x000000e4                __vector_23
                0x000000e4                __vector_30
                0x000000e4                __vector_13
                0x000000e4                __vector_17
                0x000000e4                __vector_19
                0x000000e4                __vector_7
                0x000000e4                __vector_27
                0x000000e4                __vector_5
                0x000000e4                __vector_33
                0x000000e4                __vector_4
                0x000000e4                __vector_2
                0x000000e4                __vector_21
                0x000000e4                __vector_8
                0x000000e4                __vector_18
                0x000000e4                __vector_20
                0x000000e6                . = ALIGN (0x2)
 *(.text.*)
 .text.main     0x000000e6       0x56 main.o
                0x000000e6                main
 .text.__vector_10
                0x0000013c       0xb8 main.o
                0x0000013c                __vector_10
 .text.__vector_9
                0x000001f4       0xb2 main.o
                0x000001f4                __vector_9
 .text.__vector_16
                0x000002a6       0xb8 main.o
                0x000002a6                __vector_16
 .text.__vector_15
                0x0000035e       0xb2 main.o
                0x0000035e                __vector_15
 .text.__vector_14
                0x00000410       0xb8 main.o
                0x00000410                __vector_14
 .text.__vector_12
                0x000004c8       0xb2 main.o
                0x000004c8                __vector_12
 .text.__vector_29
                0x0000057a       0xba main.o
                0x0000057a                __vector_29
 .text.__vector_26
                0x00000634       0xb2 main.o
                0x00000634                __vector_26
 .text.DIO_SET_PIN_DIREC
                0x000006e6      0x182 MCAL/DIO/DIO_IMPELEMENTATION.o
                0x000006e6                DIO_SET_PIN_DIREC
 .text.DIO_SET_PIN_VALUE
                0x00000868      0x130 MCAL/DIO/DIO_IMPELEMENTATION.o
                0x00000868                DIO_SET_PIN_VALUE
 .text.DIO_TOOGLE_PIN
                0x00000998       0xb4 MCAL/DIO/DIO_IMPELEMENTATION.o
                0x00000998                DIO_TOOGLE_PIN
 .text.__vector_11
                0x00000a4c       0x5a MCAL/ICU/ICU_IMPLEMENTATION.o
                0x00000a4c                __vector_11
 .text.__vector_25
                0x00000aa6       0x5a MCAL/ICU/ICU_IMPLEMENTATION.o
                0x00000aa6                __vector_25
 .text.TIMER_3_INT
                0x00000b00       0x4e MCAL/TIMER3/TIMER_3_IMPLEMENTATION.o
                0x00000b00                TIMER_3_INT
 .text.TIMER_3_SET_DUTY_CYCLE
                0x00000b4e       0x3c MCAL/TIMER3/TIMER_3_IMPLEMENTATION.o
                0x00000b4e                TIMER_3_SET_DUTY_CYCLE
 .text.TIMER_3_DUTY_CYCLE_START
                0x00000b8a       0x18 MCAL/TIMER3/TIMER_3_IMPLEMENTATION.o
                0x00000b8a                TIMER_3_DUTY_CYCLE_START
 .text.libgcc   0x00000ba2       0x12 c:/program files (x86)/atmel/studio/7.0/toolchain/avr8/avr8-gnu-toolchain/bin/../lib/gcc/avr/5.4.0/avr51\libgcc.a(_tablejump2.o)
                0x00000ba2                __tablejump2__
 .text.libgcc.mul
                0x00000bb4       0x1e c:/program files (x86)/atmel/studio/7.0/toolchain/avr8/avr8-gnu-toolchain/bin/../lib/gcc/avr/5.4.0/avr51\libgcc.a(_umulhisi3.o)
                0x00000bb4                __umulhisi3
                0x00000bd2                . = ALIGN (0x2)
 *(.fini9)
 .fini9         0x00000bd2        0x0 c:/program files (x86)/atmel/studio/7.0/toolchain/avr8/avr8-gnu-toolchain/bin/../lib/gcc/avr/5.4.0/avr51\libgcc.a(_exit.o)
                0x00000bd2                _exit
                0x00000bd2                exit
 *(.fini9)
 *(.fini8)
 *(.fini8)
 *(.fini7)
 *(.fini7)
 *(.fini6)
 *(.fini6)
 *(.fini5)
 *(.fini5)
 *(.fini4)
 *(.fini4)
 *(.fini3)
 *(.fini3)
 *(.fini2)
 *(.fini2)
 *(.fini1)
 *(.fini1)
 *(.fini0)
 .fini0         0x00000bd2        0x4 c:/program files (x86)/atmel/studio/7.0/toolchain/avr8/avr8-gnu-toolchain/bin/../lib/gcc/avr/5.4.0/avr51\libgcc.a(_exit.o)
 *(.fini0)
                0x00000bd6                _etext = .

.data           0x00800100        0x0 load address 0x00000bd6
                [!provide]                PROVIDE (__data_start, .)
 *(.data)
 *(.data*)
 *(.gnu.linkonce.d*)
 *(.rodata)
 *(.rodata*)
 *(.gnu.linkonce.r*)
                0x00800100                . = ALIGN (0x2)
                0x00800100                _edata = .
                [!provide]                PROVIDE (__data_end, .)

.bss            0x00800100       0x54
                0x00800100                PROVIDE (__bss_start, .)
 *(.bss)
 *(.bss*)
 .bss.Counter_OVERFLOW_TIMER_2
                0x00800100        0x4 main.o
                0x00800100                Counter_OVERFLOW_TIMER_2
 .bss.Counter_COMPARE_MATCH_TIMER_2
                0x00800104        0x4 main.o
                0x00800104                Counter_COMPARE_MATCH_TIMER_2
 .bss.Counter_OVERFLOW_TIMER_3
                0x00800108        0x4 main.o
                0x00800108                Counter_OVERFLOW_TIMER_3
 .bss.Counter_COMPARE_MATCH_TIMER_3
                0x0080010c        0x4 main.o
                0x0080010c                Counter_COMPARE_MATCH_TIMER_3
 .bss.Counter_OVERFLOW_TIMER_1
                0x00800110        0x4 main.o
                0x00800110                Counter_OVERFLOW_TIMER_1
 .bss.Counter_COMPARE_MATCH_TIMER_1
                0x00800114        0x4 main.o
                0x00800114                Counter_COMPARE_MATCH_TIMER_1
 .bss.Counter_OVERFLOW_TIMER_0
                0x00800118        0x4 main.o
                0x00800118                Counter_OVERFLOW_TIMER_0
 .bss.Counter_COMPARE_MATCH_TIMER_0
                0x0080011c        0x4 main.o
                0x0080011c                Counter_COMPARE_MATCH_TIMER_0
 .bss.InterruptSource_voidISR
                0x00800120        0x4 MCAL/ICU/ICU_IMPLEMENTATION.o
                0x00800120                InterruptSource_voidISR
 .bss.STARTING_TICK_VALUE_TIMER_0
                0x00800124        0x4 MCAL/TIMER0/TIMER_0_IMPLEMENTATION.o
                0x00800124                STARTING_TICK_VALUE_TIMER_0
 .bss.NUM_OVER_FLOW_TIMER_0
                0x00800128        0x4 MCAL/TIMER0/TIMER_0_IMPLEMENTATION.o
                0x00800128                NUM_OVER_FLOW_TIMER_0
 .bss.COMPARE_MATCH_CTC_TIMER_1
                0x0080012c        0x4 MCAL/TIMER1/TIMER_1_IMPLEMENTATION.o
                0x0080012c                COMPARE_MATCH_CTC_TIMER_1
 .bss.STARTING_TICK_VALUE_TIMER_1
                0x00800130        0x4 MCAL/TIMER1/TIMER_1_IMPLEMENTATION.o
                0x00800130                STARTING_TICK_VALUE_TIMER_1
 .bss.NUM_OVER_FLOW_TIMER_1
                0x00800134        0x4 MCAL/TIMER1/TIMER_1_IMPLEMENTATION.o
                0x00800134                NUM_OVER_FLOW_TIMER_1
 .bss.STARTING_TICK_VALUE_TIMER_2
                0x00800138        0x4 MCAL/TIMER2/TIMER_2_IMPLEMENTATION.o
                0x00800138                STARTING_TICK_VALUE_TIMER_2
 .bss.NUM_OVER_FLOW_TIMER_2
                0x0080013c        0x4 MCAL/TIMER2/TIMER_2_IMPLEMENTATION.o
                0x0080013c                NUM_OVER_FLOW_TIMER_2
 .bss.COMPARE_MATCH_CTC_TIMER_3
                0x00800140        0x4 MCAL/TIMER3/TIMER_3_IMPLEMENTATION.o
                0x00800140                COMPARE_MATCH_CTC_TIMER_3
 .bss.STARTING_TICK_VALUE_TIMER_3
                0x00800144        0x4 MCAL/TIMER3/TIMER_3_IMPLEMENTATION.o
                0x00800144                STARTING_TICK_VALUE_TIMER_3
 .bss.NUM_OVER_FLOW_TIMER_3
                0x00800148        0x4 MCAL/TIMER3/TIMER_3_IMPLEMENTATION.o
                0x00800148                NUM_OVER_FLOW_TIMER_3
 *(COMMON)
 COMMON         0x0080014c        0x4 MCAL/TIMER0/TIMER_0_IMPLEMENTATION.o
                0x0080014c                COMPARE_MATCH_CTC_TIMER_0
 COMMON         0x00800150        0x4 MCAL/TIMER2/TIMER_2_IMPLEMENTATION.o
                0x00800150                COMPARE_MATCH_CTC_TIMER_2
                0x00800154                PROVIDE (__bss_end, .)
                0x00000bd6                __data_load_start = LOADADDR (.data)
                0x00000bd6                __data_load_end = (__data_load_start + SIZEOF (.data))

.noinit         0x00800154        0x0
                [!provide]                PROVIDE (__noinit_start, .)
 *(.noinit*)
                [!provide]                PROVIDE (__noinit_end, .)
                0x00800154                _end = .
                [!provide]                PROVIDE (__heap_start, .)

.eeprom         0x00810000        0x0
 *(.eeprom*)
                0x00810000                __eeprom_end = .

.fuse
 *(.fuse)
 *(.lfuse)
 *(.hfuse)
 *(.efuse)

.lock
 *(.lock*)

.signature
 *(.signature*)

.user_signatures
 *(.user_signatures*)

.stab
 *(.stab)

.stabstr
 *(.stabstr)

.stab.excl
 *(.stab.excl)

.stab.exclstr
 *(.stab.exclstr)

.stab.index
 *(.stab.index)

.stab.indexstr
 *(.stab.indexstr)

.comment        0x00000000       0x30
 *(.comment)
 .comment       0x00000000       0x30 main.o
                                 0x31 (size before relaxing)
 .comment       0x00000030       0x31 MCAL/DIO/DIO_IMPELEMENTATION.o
 .comment       0x00000030       0x31 MCAL/ICU/ICU_IMPLEMENTATION.o
 .comment       0x00000030       0x31 MCAL/TIMER0/TIMER_0_IMPLEMENTATION.o
 .comment       0x00000030       0x31 MCAL/TIMER1/TIMER_1_IMPLEMENTATION.o
 .comment       0x00000030       0x31 MCAL/TIMER2/TIMER_2_IMPLEMENTATION.o
 .comment       0x00000030       0x31 MCAL/TIMER3/TIMER_3_IMPLEMENTATION.o

.note.gnu.avr.deviceinfo
                0x00000000       0x3c
 .note.gnu.avr.deviceinfo
                0x00000000       0x3c c:/program files (x86)/atmel/studio/7.0/toolchain/avr8/avr8-gnu-toolchain/bin/../lib/gcc/avr/5.4.0/../../../../avr/lib/avr51/crtatmega128.o

.note.gnu.build-id
 *(.note.gnu.build-id)

.debug
 *(.debug)

.line
 *(.line)

.debug_srcinfo
 *(.debug_srcinfo)

.debug_sfnames
 *(.debug_sfnames)

.debug_aranges  0x00000000      0x228
 *(.debug_aranges)
 .debug_aranges
                0x00000000       0x60 main.o
 .debug_aranges
                0x00000060       0x50 MCAL/DIO/DIO_IMPELEMENTATION.o
 .debug_aranges
                0x000000b0       0x58 MCAL/ICU/ICU_IMPLEMENTATION.o
 .debug_aranges
                0x00000108       0x48 MCAL/TIMER0/TIMER_0_IMPLEMENTATION.o
 .debug_aranges
                0x00000150       0x48 MCAL/TIMER1/TIMER_1_IMPLEMENTATION.o
 .debug_aranges
                0x00000198       0x48 MCAL/TIMER2/TIMER_2_IMPLEMENTATION.o
 .debug_aranges
                0x000001e0       0x48 MCAL/TIMER3/TIMER_3_IMPLEMENTATION.o

.debug_pubnames
 *(.debug_pubnames)

.debug_info     0x00000000     0x1d4c
 *(.debug_info .gnu.linkonce.wi.*)
 .debug_info    0x00000000      0x780 c:/program files (x86)/atmel/studio/7.0/toolchain/avr8/avr8-gnu-toolchain/bin/../lib/gcc/avr/5.4.0/../../../../avr/lib/avr51/crtatmega128.o
 .debug_info    0x00000780      0x5c1 main.o
 .debug_info    0x00000d41      0x312 MCAL/DIO/DIO_IMPELEMENTATION.o
 .debug_info    0x00001053      0x30d MCAL/ICU/ICU_IMPLEMENTATION.o
 .debug_info    0x00001360      0x274 MCAL/TIMER0/TIMER_0_IMPLEMENTATION.o
 .debug_info    0x000015d4      0x281 MCAL/TIMER1/TIMER_1_IMPLEMENTATION.o
 .debug_info    0x00001855      0x274 MCAL/TIMER2/TIMER_2_IMPLEMENTATION.o
 .debug_info    0x00001ac9      0x283 MCAL/TIMER3/TIMER_3_IMPLEMENTATION.o

.debug_abbrev   0x00000000      0xe74
 *(.debug_abbrev)
 .debug_abbrev  0x00000000      0x718 c:/program files (x86)/atmel/studio/7.0/toolchain/avr8/avr8-gnu-toolchain/bin/../lib/gcc/avr/5.4.0/../../../../avr/lib/avr51/crtatmega128.o
 .debug_abbrev  0x00000718      0x16b main.o
 .debug_abbrev  0x00000883      0x10f MCAL/DIO/DIO_IMPELEMENTATION.o
 .debug_abbrev  0x00000992       0xda MCAL/ICU/ICU_IMPLEMENTATION.o
 .debug_abbrev  0x00000a6c       0xf5 MCAL/TIMER0/TIMER_0_IMPLEMENTATION.o
 .debug_abbrev  0x00000b61      0x10f MCAL/TIMER1/TIMER_1_IMPLEMENTATION.o
 .debug_abbrev  0x00000c70       0xf5 MCAL/TIMER2/TIMER_2_IMPLEMENTATION.o
 .debug_abbrev  0x00000d65      0x10f MCAL/TIMER3/TIMER_3_IMPLEMENTATION.o

.debug_line     0x00000000     0x1017
 *(.debug_line .debug_line.* .debug_line_end)
 .debug_line    0x00000000       0x1a c:/program files (x86)/atmel/studio/7.0/toolchain/avr8/avr8-gnu-toolchain/bin/../lib/gcc/avr/5.4.0/../../../../avr/lib/avr51/crtatmega128.o
 .debug_line    0x0000001a      0x368 main.o
 .debug_line    0x00000382      0x429 MCAL/DIO/DIO_IMPELEMENTATION.o
 .debug_line    0x000007ab      0x2e2 MCAL/ICU/ICU_IMPLEMENTATION.o
 .debug_line    0x00000a8d      0x156 MCAL/TIMER0/TIMER_0_IMPLEMENTATION.o
 .debug_line    0x00000be3      0x16f MCAL/TIMER1/TIMER_1_IMPLEMENTATION.o
 .debug_line    0x00000d52      0x156 MCAL/TIMER2/TIMER_2_IMPLEMENTATION.o
 .debug_line    0x00000ea8      0x16f MCAL/TIMER3/TIMER_3_IMPLEMENTATION.o

.debug_frame    0x00000000      0x668
 *(.debug_frame)
 .debug_frame   0x00000000      0x2e4 main.o
 .debug_frame   0x000002e4       0x90 MCAL/DIO/DIO_IMPELEMENTATION.o
 .debug_frame   0x00000374      0x124 MCAL/ICU/ICU_IMPLEMENTATION.o
 .debug_frame   0x00000498       0x74 MCAL/TIMER0/TIMER_0_IMPLEMENTATION.o
 .debug_frame   0x0000050c       0x74 MCAL/TIMER1/TIMER_1_IMPLEMENTATION.o
 .debug_frame   0x00000580       0x74 MCAL/TIMER2/TIMER_2_IMPLEMENTATION.o
 .debug_frame   0x000005f4       0x74 MCAL/TIMER3/TIMER_3_IMPLEMENTATION.o

.debug_str      0x00000000      0xbdc
 *(.debug_str)
 .debug_str     0x00000000      0x27d c:/program files (x86)/atmel/studio/7.0/toolchain/avr8/avr8-gnu-toolchain/bin/../lib/gcc/avr/5.4.0/../../../../avr/lib/avr51/crtatmega128.o
 .debug_str     0x0000027d      0x54a main.o
                                0x585 (size before relaxing)
 .debug_str     0x000007c7       0x92 MCAL/DIO/DIO_IMPELEMENTATION.o
                                0x310 (size before relaxing)
 .debug_str     0x00000859      0x16e MCAL/ICU/ICU_IMPLEMENTATION.o
                                0x2f4 (size before relaxing)
 .debug_str     0x000009c7       0xa1 MCAL/TIMER0/TIMER_0_IMPLEMENTATION.o
                                0x35d (size before relaxing)
 .debug_str     0x00000a68       0x90 MCAL/TIMER1/TIMER_1_IMPLEMENTATION.o
                                0x364 (size before relaxing)
 .debug_str     0x00000af8       0x90 MCAL/TIMER2/TIMER_2_IMPLEMENTATION.o
                                0x35d (size before relaxing)
 .debug_str     0x00000b88       0x54 MCAL/TIMER3/TIMER_3_IMPLEMENTATION.o
                                0x364 (size before relaxing)

.debug_loc      0x00000000     0x10e7
 *(.debug_loc)
 .debug_loc     0x00000000      0x6bf main.o
 .debug_loc     0x000006bf      0x4d5 MCAL/DIO/DIO_IMPELEMENTATION.o
 .debug_loc     0x00000b94      0x4bf MCAL/ICU/ICU_IMPLEMENTATION.o
 .debug_loc     0x00001053       0x1e MCAL/TIMER0/TIMER_0_IMPLEMENTATION.o
 .debug_loc     0x00001071       0x2c MCAL/TIMER1/TIMER_1_IMPLEMENTATION.o
 .debug_loc     0x0000109d       0x1e MCAL/TIMER2/TIMER_2_IMPLEMENTATION.o
 .debug_loc     0x000010bb       0x2c MCAL/TIMER3/TIMER_3_IMPLEMENTATION.o

.debug_macinfo
 *(.debug_macinfo)

.debug_weaknames
 *(.debug_weaknames)

.debug_funcnames
 *(.debug_funcnames)

.debug_typenames
 *(.debug_typenames)

.debug_varnames
 *(.debug_varnames)

.debug_pubtypes
 *(.debug_pubtypes)

.debug_ranges   0x00000000      0x1b8
 *(.debug_ranges)
 .debug_ranges  0x00000000       0x50 main.o
 .debug_ranges  0x00000050       0x40 MCAL/DIO/DIO_IMPELEMENTATION.o
 .debug_ranges  0x00000090       0x48 MCAL/ICU/ICU_IMPLEMENTATION.o
 .debug_ranges  0x000000d8       0x38 MCAL/TIMER0/TIMER_0_IMPLEMENTATION.o
 .debug_ranges  0x00000110       0x38 MCAL/TIMER1/TIMER_1_IMPLEMENTATION.o
 .debug_ranges  0x00000148       0x38 MCAL/TIMER2/TIMER_2_IMPLEMENTATION.o
 .debug_ranges  0x00000180       0x38 MCAL/TIMER3/TIMER_3_IMPLEMENTATION.o

.debug_macro
 *(.debug_macro)
OUTPUT(FINAL_MCAL.elf elf32-avr)
LOAD linker stubs
